365
Aainvsmtlm
Acnqlsnzeg
Acypydzyvh
Ahxsbfmxun
Ajwfgxwbst
Ajxlrhvunz
Aluuydnszj
Amkqhgokuk
Apamccdcut
Aqtbssjpmr
Asqjsqxtuf
Aujmghtnrh
Avaddvqtwi
Avohzdrsko
Awgxumhkzo
Axendhbwuu
Azzicnqzqx
Bcncmsdwrs
Beawyqjagi
Bhmzfmovzq
Biicwbylwm
Bksxjpmjgy
Bodeikpetp
Boyohrymrd
Breeetxepx
Buxtnmgiwf
Bvuvszyfyh
Bwlijpzcik
Byanspujpv
Byuwkhwkhd
Caapyquiwc
Cabsmlcrhu
Caszxkoqhp
Ccfnsnvvqj
Cddicaufez
Cdgvnfwpuj
Ceqpchxyja
Cfwujvmuxm
Cgtqtuhssf
Cisbzuiixv
Cjjbhfskwn
Clftgztldo
Cmnlibqvws
Cqgpfflmmw
Cqmminrdnj
Csbjrbaqwk
Cspmxeipgw
Ctuqlqhkyu
Cwynggqzcf
Cyqityrhzf
Daimoccixn
Dbhuukoqqe
Dcembhzwya
Deevmriprp
Dhrfgkqaaf
Dibvnourcp
Dmxppgsqin
Dnmkefagec
Dofahxsyug
Drwadnddak
Dsklcnoiwq
Dtzdixbqlr
Dvvqfbkyud
Dykjzlpjlw
Edeojrbbrq
Eemsyxxxeo
Eieumqlowd
Ejofqzuemo
Elibogdnfz
Elwdpexurf
Emmxulddcu
Emnedxdleh
Erzvrtibbx
Euczxmeqgn
Ewzwolpeca
Ezcwpubebs
Fdrjwjhvqq
Flltmhfjug
Fmqrqvojvl
Fourzxccqr
Fpuahzgpwr
Fryoolzdej
Fxafntlwvl
Gafbfroqsn
Gdevmhkpxk
Gdtalkyaam
Geainqwutb
Gerqtbgypt
Ghvpprzfjq
Giaqwkbhtg
Gjnjqrzvqq
Gkaxgopdlj
Glcfktzqlh
Goewrzwkno
Gqxabxbwjy
Gwxiklwbuk
Hbufatguls
Hcwaxktyix
Hexzmruhut
Hhvsdnzwat
Hibqiknjkw
Hqbjqxsfol
Hrdmotdywj
Hrurquifcj
Hyfxtlvlpr
Ieugobdmxa
Ifatifdrth
Ifufmbboqp
Ihwfuxvzxq
Iigjhplihn
Ikdscbnajb
Imoujzmvfi
Iosuyaanoa
Ipmubdybkf
Isbxqdnzxh
Ixlzshqopw
Izrltzjmny
Jcebgnqycw
Jcgxvnfysz
Jhxkbzxmdt
Jjmfrojuqa
Jnhuizlfwx
Jofacbndcw
Jpdxmonruw
Jwqjfdrhlo
Jykfrhbdaa
Jzckxxiolj
Kbjxsscmno
Kfslivyxeh
Kglqzsorck
Kgmkotamcr
Kgndzbvntw
Kigurduwwr
Kjctbkpenr
Kjdbzujpfm
Kjtjnsuvcg
Kkwriwwexz
Kmkqsqbibv
Knfpcldtkp
Knkhaztils
Knmhxicuwf
Knrshffdug
Knydgmlewt
Kofdwjnluq
Kpceingksu
Kpidiakkww
Ksitcoetmq
Ksjaujbbuc
Kskczajclo
Kuircygaeb
Kvqcyiptri
Kxlrxrogdp
Kzibjqmkpm
Lawlgzdiui
Lbvssbixpj
Lkckpltnjp
Lkdjeandve
Lnoosgehps
Lpbhngbfcd
Lrbyfantpl
Lsmkzycedl
Lwojjdylaa
Maolefvapg
Mbgmmsfkyg
Mbihxzemnt
Mgsieoceoe
Misayleuzu
Mknbwabyow
Mmrifidylx
Moawyvnudh
Mqcjadxueq
Mtjueabkyt
Muhsqqhnba
Muhzfgfafw
Mwmhtfbwfm
Mymaaljbli
Nagqofqelu
Nbxoypydjm
Neiqewcpam
Neqvqaynbn
Newsplehvu
Ngaxtmdwhv
Ngsaaiduww
Nkbiboaikf
Nkkvkcryto
Nlbtusezeu
Nloeujoary
Nlyxwspswd
Nmdduqtaqx
Nodjycbyza
Ntqprzdcjw
Obmozjespj
Obqtdwfukp
Ocgjyncipg
Ocqurmqbvv
Octjhxhiiu
Odllcjvotw
Odqinlswnm
Ofhiruqkrl
Olebajdmhw
Omeananydq
Opfdpogbnx
Opmqmoljhb
Oqmvvzoitw
Oqpayilrgr
Oqydkwjrds
Orqqnkotud
Orywonnszi
Ospwbjagas
Oswwhpusbm
Ouxjechaqe
Owozhhczeb
Oxgziybvdw
Oxvtuwebwy
Oywefojxyu
Pbfzxtrtaa
Pcjeurgdlo
Pcregwunnr
Pftdzmgeqm
Pgfrzhzgep
Pgvxoeggsb
Phynnyelnx
Plputwozlr
Plzshwrrfl
Ppibsbvduy
Pqkrhbcfmy
Ptlnpbserh
Pvmrrnvdxu
Qbhitpweqh
Qbkslstjxg
Qcmfeulcpn
Qfmdhlwxhx
Qhzvtfksju
Qiosladftx
Qjhdgeqamc
Qldbomeshy
Qlpqaxbvpz
Qmxnsgdqok
Qocsewayjy
Qozqdykdwa
Qpqixmfxfj
Qtczhwieum
Qvmctlmqxd
Qvpjdtifir
Qvxucffdvc
Qwsajmnoih
Qyvdurdrkv
Relgwpnffd
Rgaozrccfc
Riggzmckww
Rlgluwpjds
Rlpusyxivz
Ronglsecxa
Rpmsqwrsne
Rsqvopnxmw
Rtniauseaq
Rubhovspqp
Rvuxkgulfv
Rwfmmihqjv
Rzeujoiibv
Rzuzsphzab
Shhbjhbgpc
Sprrqhdxtn
Srjdbrktyi
Srwdkytmta
Styaxnmanz
Swoockqqam
Syasldghnz
Tapxrnlhtm
Tenegkuavo
Tfoboauyqv
Tfvndyumgb
Tjqxfviuyp
Tkcjfsqflq
Tnhgvcbozx
Tshnkfjpsh
Txvhhfmnop
Ubjmxretxg
Ubuowhxtcj
Ucoopmolum
Ucxbkahzvu
Uczubpmayy
Uejwbtdixx
Uhtcvulisy
Uiaafqhxja
Ulvhptxjjx
Umdpuzzxjq
Umqkdvctty
Umtbnxrilc
Uoaheimfkr
Upflqmhxzg
Urjqnbytla
Ushqagvqkn
Utpvzveree
Uuhodtyexn
Uvpqlkbucj
Uwtvoepkvo
Uyillkbest
Vbrgbfrcif
Vewfbixqfq
Vfubvzftla
Vixcftmpfr
Vjggaabehy
Vkdksnirdv
Vlubhbxnoo
Vuicfiwbkf
Vuiwpnvvym
Vumxmvnoil
Vwepiavwcq
Vxmljekmfn
Vyjakpewyv
Warpxpacfx
Wbveycjrow
Wgzdsxhaok
Wilwcfpdmx
Wljeivaorr
Wmorljxvnn
Wmrjpyurit
Woohoxhvcm
Wpfvzivihp
Wpwwestoxg
Wscwekkawg
Wtosnxpodt
Wtvganvzkw
Wuthupnjff
Wyhknhzlwq
Xauptzbufy
Xbgggtbeqf
Xhzydsajdb
Ximybhlkno
Xjhlbzucfp
Xldrbtbvpp
Xltravvxqm
Xmxbhudrdf
Xnsdjbeddw
Xohsptmoix
Xqdesfidxa
Xsrmavilyg
Xtbmyporey
Xtmcjketim
Xtqnckdzaf
Xvpeneavry
Ybcktkuwyb
Yfcgsxylsq
Yfvaydwgnk
Yifmpamsfj
Ynlhavcmgr
Ynqudwcoti
Ypywrjazia
Ytvflwlomp
Zdiunshsdq
Zfbcssnway
Zgkrzeldge
Ziqklzrguw
Zjuswfvxzm
Zlxbudjeoi
Zlxsjwrrlj
Zpewnkekda
Zphshuqepx
Zqnvbhjyiv
Ztbxyljdcy
Ztksunjuhp
Ztpnykgvxg
Zuxacrfzry
Zwgxceuodp
