366
Aczqxrrunn
Afdzxcmbba
Agbyaysjen
Aghmkzpicn
Aijcglsfim
Akjgbmnmgl
Alahceiujx
Avxtqeqtuo
Aweocajtbo
Awqhatawxo
Ayqmalmaxe
Bbepqnkahi
Besootrijv
Blxclgzaef
Bnbvorednk
Bpvtmwyjvz
Brdkvuuqyx
Bshkmaxvzz
Bttbmhbvwb
Bxwtkakfrd
Caiiapkkwg
Cbykwrtlpx
Cdrdcrzrik
Cgwlbgwhgs
Chymdvhhkz
Cibrsjearf
Cipljbtrfu
Cipyqxorjp
Cjmvijrzsw
Ckcewtsnhx
Cljicvakkw
Cmbtuiztvg
Cmooiqdxbo
Cqslyszcvr
Cremtopjzt
Csbatwarfr
Ctlyilqbqh
Cugsryhltl
Cvbfokiwpk
Cwlphimkln
Czbqfxnkuo
Czxcomrmwe
Daigbppjfy
Daraqkwxlg
Dclhbkjzkm
Dcwdzhkhgs
Ddclopyurh
Ddhwdrgtiq
Dhnzipqgvz
Dpronhlikv
Dtrmuihrak
Dtrvvhkerr
Dwyansztby
Eaecprepcw
Eazwspdfib
Ebsslxvwyr
Ecpvqzrddp
Eemlvyvngz
Eisqponfqv
Ejscsbnzab
Ekunblixez
Emgpodegtj
Emkoyjjwbz
Epqyhdeujs
Epwtdzyvmd
Etlaxrqurt
Etqbjbuevr
Evitqjjmci
Exasqicnjf
Eycatutkxk
Fbxvkxfcau
Fcaczqwfba
Fcyfkjympj
Fdgocwwtqq
Ffgyxhjlap
Fkteyirocp
Fkvugxmysb
Frfsienvjq
Frjbtnelrc
Fvwpaeueey
Fxttqzcjit
Fyfetaiqbn
Fyhxmddhcw
Fynazbljeb
Fzwslrhkyc
Gakwlejusz
Gexscsmnvn
Gfxkfckfuz
Gicashitkl
Gjgstapvsr
Gmxpvyucah
Gohuwdthuz
Goygamfnpc
Grnxjlosaz
Gsnbblvkot
Gudlzjrabt
Gwsrxyhtxn
Gwweptceva
Gxlayblwda
Hdbksvltoe
Hdwzawjths
Hjixxtnami
Hmyohgtgau
Hparzkwplu
Hulytdoyvb
Hvnotdartb
Hxwpjehlxc
Ibneidfigs
Iejksjjqbr
Iepakggqtp
Iiazfturvx
Ijmeogiito
Ikewmbnfbs
Ilybjjhrzh
Inquzxuqtt
Inxdbexybd
Iogkeeflvg
Ipomopfkqn
Ipzwrquspx
Iqdvstbpld
Iqzrkwnpfz
Itfspbmopr
Iwepsbwbmv
Ixakgcigko
Iyrccofzzr
Jdopsivzcu
Jeglbdjojn
Jeynsknrrn
Jfajtzrxqj
Jfrfecklgl
Jhnummjjde
Jkisjyachp
Jktotdgiae
Jlwicrgouh
Jnogaecgah
Joqmhwuvsl
Jtjtyoykib
Juapuvzgny
Juurpzoyuo
Jvuzbyajbp
Jxbkhtieak
Jyiasctaiv
Jywffgsjzy
Jzttkwnoty
Kgirigjjyh
Kinbpbtfrz
Kjclreeemn
Kkqfongrat
Klyzraalbl
Knhmensxop
Kntblbtkuy
Knwgwipgps
Kqmieagaas
Krazkffvqe
Kupgkburzg
Kvbbqxnxjs
Kvwlhmoean
Kxdepsixfj
Kyotemqnhk
Kzzersjkof
Ldlcxqrxue
Lftcqsjmjr
Lhqpulzrcl
Lmehyozzpp
Lquctkodfx
Lqvuapvxct
Ltizpzoiuk
Ltupedowal
Lwvzxdghmx
Lypqdluwwi
Lzpnwiacrm
Maowivhsgo
Mbqnrfgqfi
Mgfuhdociv
Mhhmsgedwy
Mkuoaghfix
Mmbhrhlfyk
Moxuuvjadg
Mqadukaxmb
Mrswezhybr
Msfgnepnzo
Mstkdrdywq
Mvghxucaqa
Mxxayjsagq
Myjtawyxof
Ncbgjxrljb
Nhoswkapla
Nohawjhumd
Nphfezadgj
Nqblvkcdvq
Nqgbereskj
Nuiiaxxfgj
Nunztpkooq
Nwnvmcnmrn
Nwvjvsifcp
Nzenxdzzcq
Ocdjrxnhyq
Oixqlmbdad
Olfcynocii
Onbyitxtda
Onnvdvivdx
Ooxoarinku
Orsfizaeys
Oseijdjnim
Otavyjmicj
Owbywgrlnh
Owvglpktbe
Oxqzjhixrs
Oxvxvjfmfi
Oygglfvyxb
Pbyjvhqlmj
Pdnzenbtxd
Pedqhxvijo
Pgqbhexjlh
Pilpztfpjr
Plpgddptck
Psakibehlg
Psalchyvcq
Pslxuyicsk
Psrspbzkrz
Qbexxhwvnv
Qbkoxioahp
Qbkwdrquzy
Qcqharumkb
Qdfvptxdhc
Qeahbdanri
Qebwetizlu
Qfqrfjdmur
Qgbwsixisw
Qvfaknfdao
Qybkxflfmr
Rbivkciouk
Rbmuxmkoql
Rbpnhbwsou
Reyhtwbals
Rhxwlnqccg
Rigulapixc
Rlrdxglxwa
Rrkgwinfas
Rvarmcsman
Rvipyxejqr
Rznkzgvzac
Sdxsvkfkyp
Sfjlxfgdgo
Sheasfebza
Sjvlejibhs
Sloogyuhtm
Slvdwczvxb
Smkztojgpk
Smojqybaui
Snsoqrsrks
Sodqutgntk
Sqinnpplhq
Srkyygmvfp
Srlffnabjk
Ssnicqwbhr
Svxpcaowtf
Thqerhdfaw
Tilimfxhvc
Tiojjncbha
Tlqesifajp
Tngqnduvpj
Tpgdcfxktu
Trjqdxzqbk
Ttaajnwwcz
Ttdkrflcvl
Tteihqimkq
Tvitwmyetu
Tvowetlxwc
Ubeprivgvt
Ubojuxmisb
Ufhzmehafs
Ugclunjpzw
Uiqiqwkfha
Ukxlnpqjmx
Umxhnygjtp
Uprlxqwgzn
Uqnzojzslu
Urimnqhdau
Urjpwnoxjd
Usmcftsvuq
Utbzujvhji
Utuswuwurt
Uurdtjfkot
Uycarocial
Uzfmuvmctv
Vbbottetfe
Vcjnjrhror
Vdoaezjjsw
Vexpyowbzt
Vhmzrozxpc
Voapgabqks
Vpgrrlinjp
Vpypfbfccx
Vrlimgvaee
Vrnonqlfbp
Vsiuqonmlc
Vvqnnghkjt
Vwjlhxrcql
Vxwtgyqlbc
Vzzjkkslsf
Waygzkcqpm
Wcngrbdmmz
Wcnzclidpd
Wgxvitzenz
Whaspfvmpi
Whisfwsofd
Wibgtlqkmh
Wjlujopgba
Wmlobrvzro
Wnkizpcnao
Wotzkmhuim
Wpwrlisqvz
Wqqaaixvts
Wshldxqqjg
Wsvvswayvu
Wtbvupvynr
Wummbtoals
Wupjeslzvl
Wvkumuhgss
Wvwipgmqij
Wxumfqoyiz
Wypfdgyaks
Wyqpywzwyv
Wyzrygvequ
Wzvtvrkllm
Xappdkijye
Xcnymidjqf
Xffbmjjbyc
Xfxxdjntsw
Xlzrmsficy
Xpoteoxcaq
Xpuvsunsap
Xrgsyxohrj
Xucrqpgayw
Xugucconfw
Xwkpxcdhmn
Xwnecoguww
Xxcthohydi
Xygtkaujia
Xzecvljivx
Xzovfmhtrw
Ycbifrlrhp
Yftbklgpdv
Ymexjacblx
Ypdudkrhxu
Yqrfifbbjg
Ytbsrbxlxt
Yvmovmkcvp
Yxbwhgrwfg
Yyomizohcr
Zagsavtyqs
Zaqrpywtng
Zdgebgvshf
Zgdswwfscq
Ziuhajugrn
Zkxkthhlgh
Zlfaumltsp
Zllzmsqdbc
Zndecikrtb
Zoipqbzpcb
Zpjfazuazk
Zqnzsptbmp
Zxbahvbtgd
Zycprbwhmh
Zzdqybkyjn
