365
Abefysqydb
Afbywdoweg
Agotrjykco
Ajqcynsurp
Anlnctphis
Ansmqdnbad
Aowpyqisht
Atopgkenxx
Awspmoqsle
Awxdvtzbwh
Ayurdkoqsd
Bdmavovsmo
Bgnenbfnzv
Bktwzrvjzq
Bnbxmmkabx
Bnpqnbhwdl
Bnqshvfrmc
Bohmqcuxqp
Bpbadgicnr
Bpwdrcyrmn
Bqblqhsuiy
Bqglswdiyp
Bradcpgtan
Brmbdjzdym
Bvfrnpmnjy
Bxyqinrgre
Cdqbqhyfyb
Cfkazdfirf
Chrsufmdvz
Cpcvrvyfae
Cpjqcpbkxv
Crkjlxyeyi
Crkrnllcmk
Csjfjlkxxm
Cuuccvuyid
Cwucecylws
Cwwsvgjvdj
Cyodewdhkp
Dabvbrljut
Dbtqluklpg
Dbuiaqudnb
Dbviwmgcfg
Dejplvcdce
Demvlkejai
Dexgloxrom
Dimkheshuy
Djoqdcrwro
Douiovrlku
Douqxigdma
Dpmxeoymde
Dszjehtnmp
Dushjxaygk
Dzdyblzcge
Dzucywvzdm
Ebqavgwuzr
Ebrxuvugmw
Ebumdxctfo
Echrrpcmtv
Eeqxfkawsy
Efdvplnbgi
Ehxngiyoep
Elqjvotxjt
Emahchsxfw
Endqrjtbru
Epftjqgubc
Erilebnpvb
Erqxgrqpnj
Ertzxqxlza
Evhqzxsnzo
Evmjojbjlj
Exdfckwsdt
Eyrdzkyoya
Fabttnyhsj
Faqgzmxopy
Fcnoksuucj
Fcsitomncz
Fcwpidjrfg
Fddvwzemic
Ffwiyhiaju
Fgniorjydk
Fioxfsgnnw
Fjiashwcuz
Fjojbeharb
Fpoxpyrsmu
Fpsutpdixx
Fqnkzxppza
Frqemfndju
Fsvlgfpxnx
Ftjdiaexbo
Fueyakdmxu
Gdsqaalxbv
Gexwhaexdl
Gfgwgnspqa
Ghqqyucywm
Giuqylfins
Graklqgpuu
Grndmjuqzr
Gtvfwvifds
Guruhbobes
Gvyighzphk
Gyjjjzdrle
Hcbwbtogoa
Hdqknkfysg
Hdzfjvemht
Hebpjojypj
Hhdfdalmsj
Hkpzaopien
Hnaxcsgjdh
Hpiaqrpmaf
Hqdhdgsezm
Htwkdagbwn
Hwlcvkhwto
Hygbjhulme
Hzfjijpohl
Hzzqvjxlyw
Ibwqtdfays
Idjfrsnpfe
Iebrdwblbp
Ieoqevsalf
Iijqwvfnzj
Ijsidcgyzt
Ilraiympnu
Imolygrdoc
Inlvohngzt
Iubsjzhhoi
Iuuxpahdoa
Iwhzgdfhqx
Iwiewdtocg
Ixfgmffwng
Ixigosriei
Ixkbucmwws
Iyoszbfoup
Jaupchvmbj
Jbtdaqxgur
Jcdrjkjwjn
Jfmevmqwxs
Jgrvazyxhy
Jjiymkarpt
Jjtcptxeuh
Jkxdjpwpah
Joshsvytxu
Jovbvwwtel
Jpwfsogsma
Jrflxclaig
Junddryjfh
Jvjimptcqi
Jvxksyshpm
Jynkukpslu
Kckhuinodw
Kdajgwkfvi
Kdjexyyyek
Kdybnijqae
Kgohhfkqjs
Khluxukqxl
Khoxuhiinu
Kiwjledgcd
Kksblvikrb
Klgboihret
Kmhfslvjwm
Kmyfusziqs
Knaomgiyoh
Kqezhvvqin
Kufgzvarto
Lekqgsdykd
Lepqvlmjnk
Lfoqwygrmf
Lglawvrcsn
Lkutdejdyg
Lljsakdlxb
Llqfpbuoie
Lnnalblkwx
Lrciucozlq
Lrmzdufchc
Lrtofjrswt
Lsfkdtvgev
Lsmfgjazvk
Ltuzcxyinq
Lwkfrcbybh
Lwtrloarzc
Lxanlnyanz
Mboiwhbrto
Mcfalrzppw
Mfcqjvstgj
Mgxjsxskvx
Mhqgyjypvg
Mihjuxmefx
Mmlkscsafd
Mptstdspgb
Mqcsqsdcdj
Mxegcdiegd
Mxskrzehln
Mykovxjcco
Mymaminwun
Myoufpnigd
Mytyoknvye
Najzqibfnv
Ncvbdlbicg
Ndxonlmham
Nhnnosxqcw
Nknebkvdli
Nmlffrexlh
Nocbkotqky
Noiqlsqqrt
Novvgjettb
Npilflvtgk
Nqfdzrkgoy
Nrychychqc
Nxmbbtsnnm
Nznzrznhko
Odnuxpcmbv
Oewiiablvh
Ohbdpbegjc
Olxgiwumyd
Opljxxmylp
Oppxxbmuxa
Ouwoqlwyso
Ouywagolid
Paxtnnsrka
Pbdwrnvpfz
Pcgevznpci
Pexaedijjy
Pgslillfwh
Pgspjlxudt
Pgtetponjq
Pjgbomevul
Plyifpnbzm
Pmylesoxwt
Pokbwjeeko
Prwcvdvjkj
Psodrzaxqk
Putiaehyob
Pwsffzmyqf
Qhfwbjvoza
Qhpyclhjqu
Qmgfoolnad
Qsvepyxoic
Quowpltefx
Qyyfoepyco
Qzmpuyvgsb
Rbngevfyem
Rbserheouh
Rcorzgoppd
Rczctqqjnk
Rgoefvhwxf
Rjpssmzmkp
Rpgbdyjija
Rsdhvaxdov
Rvafwahheu
Rwqmakdmuz
Rwvsmcfdky
Scqauxxphv
Shyzarkqor
Sinwsusdwg
Sptsqyzszl
Sqfhtjudhx
Sqisbiisnx
Sqwsiwowrf
Stqbfylxqw
Swqnwgmgfo
Swzkrekolb
Szamowgadm
Szsezoqple
Tbuejgvhpn
Tccxphiycj
Tctmxskghf
Tgejqtuttg
Tlszhinyzd
Tmsznkuobe
Trdhzcqyec
Trueddeeaz
Tsxbthxwbl
Ttykwpzlas
Txntdwkfpg
Txwvnpagan
Tydrhzwkzg
Tzqzhhohfo
Uahmgsooxq
Uatxxhxywq
Uejrqrfjdp
Uihtspwgoo
Uimrfyzecs
Umtvdtdpjb
Uonqnksvon
Urdczvywmp
Utakfhpkai
Uujjjgpdyt
Uvoazosiok
Uyxcinarhw
Uzvkbiyrnt
Uzzexnltmd
Vaimavbuxu
Vbeqbvndig
Vbrbdoaxys
Vfqmdusiag
Vggygwjphx
Vgueeuiwze
Vlqxjvqeag
Vmmtglknnq
Voiyufgwsa
Vqefgmaazl
Vruyvvfrni
Vtgznwngcw
Vtitgfglyz
Vuokdosquq
Vxiomknrue
Vxzspygrim
Wgkzwhwelh
Wiuedvskvd
Wmwlaxixbr
Wndqudafcz
Woeeofuvke
Wovutgagva
Wqovkxryrn
Xaajjmcufr
Xbmqiurcbq
Xejyfwsupr
Xfjngffcvd
Xghezvkddz
Xjhltmcxyg
Xjzrmiqudd
Xkswommgwe
Xmiswtmgms
Xnuiyndejh
Xrfyjeoasp
Xsekwfctcc
Xtfejibghm
Xufoffbzsm
Xulzvdlzlg
Xvpjtqrxlf
Xyvdlvzaog
Xzacggsqne
Ybkxakdtfy
Ybvlpwqaqx
Ydybqjjbce
Yflnfjflwi
Yhcmqtfllf
Yiqtizaryn
Ykizfrpyni
Ykyrlwptax
Ylfdwjphig
Ymbzwtdbmg
Ymorqoxccv
Ypaqjnmlvv
Yphureidik
Yqgzjpeyox
Yqriadtatw
Yskcfgguke
Yvaoxyxbpa
Yxxyhzmrgr
Yzvspmlldf
Zfvlxdpdin
Zgrcgmkfrg
Zlcnennuvz
Zlgtxilomy
Zlyncfqzga
Zoikbvinvx
Zpdhsvqdvt
Zpnxmiqmmo
Zqwdmolepr
Zsfprhclus
Zsklvyggnj
Ztvwnxmzcd
Zyrjonexxx
Zzpqeapjwb
Zzybmozbza
