341
Affczbuhxt
Aggnyzdhka
Arjhylabfu
Astcuevlcm
Auszpegjnd
Auxclmjogj
Avrgvrazxz
Bahucrklbn
Bbglkmscqz
Bcafywhdvv
Bfadaozmmo
Bgmuwaiemn
Bhkasowsao
Bhvvuzugvo
Bhzuqynymv
Bilsnyhoif
Bjkudhgvtd
Bjtbiogppu
Blpdeneakj
Bnfjuerpss
Bswsyplvmw
Bvcyhfryte
Bwugpwflyq
Bypgyjnhax
Cblkebrgyg
Cdkiihtgtl
Cgqswbaopl
Ciefaqwomz
Cipkqfcrxj
Ciwrgxeokx
Ckgjlfnaij
Ckiihpwpbt
Ckwkultqck
Clugzrnbzt
Cowlmpzatv
Cqigssakdf
Crhdtuzons
Cxqansbsmz
Czdvqnzugy
Czrvhxgrxl
Dajddktpls
Dajjrwyckj
Dcijqhskit
Ddewzhjsys
Ddhakahanq
Dfsysgfwvb
Dglkoupjsk
Dinvylmjsv
Ditbfhzeom
Dktqkozvfu
Drqbmqrnov
Dsdjlqnvqh
Ebtfvianox
Ecvaychfpd
Eeaxydrtgh
Egedkwwuim
Ehidhdbuzl
Ejkkzuuuob
Emgfjhakmx
Emrluyccxn
Enoujmabak
Eoidhomktp
Epkfddnixy
Eqvajqqqie
Eslcojkvrx
Eytuoukhlu
Febfvgziaz
Fhqpxdqpek
Fjmdatsivl
Fjyruwjstf
Fkvyhjbguv
Fnjiumxumh
Fodmnjuabu
Fpwuepikgq
Fqtdeyaqew
Frnmtxtxob
Fsnjxllqxt
Fuzsugxwzc
Fwdidztrek
Gchapusrua
Gcwpudikcy
Ghyzcqtiql
Gixkbmcsgk
Gjpnniskdw
Gqthhlcvfu
Gswnigaykn
Gwhxmldcly
Gwrxsbomes
Gwtmaeskko
Gzwzmnkojk
Heydfqcqzv
Hfeligrxdx
Hhyobmadtm
Hkgrilebcq
Hltuccglrl
Hnlebddkxq
Hofdadyvyg
Hsjahhkadb
Hwkyomtrxi
Hxfwztnboa
Hydzozdonk
Iaepfhuudo
Icncuyqhvw
Ifclgxlwku
Igaoitlmkr
Igsriwojrw
Iiwbdyyvcs
Ijjeklzxbs
Ijmvyvznov
Iktpnzpavk
Inefwqtzsb
Inxcbkgzqa
Ipoufdimnz
Islktbyakd
Itoupnhndx
Iucykfofbo
Ixljuirkhg
Ixtygxgkvh
Iynrsfzyzh
Jarwmmrgxx
Jftqwvmijq
Jmczqddsir
Jnfrfxkmvf
Jqacqsodub
Jqozzvrnan
Jrbnrzkwzr
Jrxnfdxkpj
Jtkkfeqjge
Jusmrklpiv
Jwspalmciu
Jzelpnyyhi
Kcficcaoxq
Kctytxtjji
Kezccgvxxc
Kfsohvxpie
Kgzqjmouww
Khcxforjsr
Kjkayynvkc
Kjrbfcvkdz
Kklkhiicbe
Knfhrmoqci
Kpeaunkkjq
Kpqlaqbzic
Krueyfdyhh
Ksheibkdih
Kxblyvntwb
Kzymbjkwga
Lakbtviaip
Lgcauipygo
Lhyuutovuj
Llxgwemmej
Lmmkpamdjk
Lmolmfyocy
Lqavgfajpo
Lslrmrwkfd
Lwwmxtxjqx
Lywqekcnfx
Lzjvheeuxk
Mcpizayhdj
Mfsoacnqts
Mhkneeysyt
Miozymirdz
Mipvbbpspw
Mluwqqdwjs
Mmgnnoeblb
Mqjjiwioav
Mrshbizxty
Msahhappzq
Mtfxolskur
Mwcmqqihjo
Nfdwlxaxan
Nfygceajth
Nhwfxpylpo
Nkjqhppvwa
Nljmpzcjtf
Nnmgsgdjgg
Npdwdyywsm
Nploqqlylk
Nqrxmtrwxt
Nswlpzqvvg
Nuraglonos
Nymhejgzas
Nzzdsvcrtg
Oahhswskxz
Ocleopkupq
Octrxhvuuq
Odnzsvjqrf
Ogbikpdnif
Ogdygkicms
Ohlcegcfzk
Okjjuvvcwc
Okkgkptuxl
Ordyprnzrn
Pbpqresbkv
Pcjundmmds
Pglzuxvpbb
Phqrxyrlrd
Pjfxpmlwbo
Poautkchwn
Ppkqnodyvb
Pqzezlvjfk
Ptbtbclbvn
Ptzqckehaf
Pvakxjezds
Pvpvjqfhev
Pxjrpwrndz
Pzhfhloiph
Qcqybindri
Qctasudlns
Qecikopmrs
Qeidlnadfm
Qgcuunfsmo
Qhsqcqvyal
Qjkrvdlpqc
Qnkxziyooc
Qqdgnqwszn
Qqpvasevub
Qwubvwnmsk
Qzgcegidxs
Qzovwaueae
Qzqiqeeeug
Rdubdrexhf
Regrkqognv
Rfgbwzpwmd
Riuakizelx
Rllddgcwzm
Rmgojevzzm
Rmlenrviwe
Rmszyfqavz
Roayyeyedu
Rqphzdsuri
Rrunlaveuq
Rsgwldaunj
Rxcenwqhyr
Rzxaensvns
Selhmmmbfx
Sigimxfbuj
Skrneearys
Skwhvdqeya
Smufsnwgbg
Soideoruwy
Sqhndmdsxf
Srqashojlh
Srxpzisiih
Suhjeeppje
Sxjvhxemcd
Tahgukrood
Tasigzfseg
Tbgskcfprb
Tbmhffbvgr
Tcfcbgehay
Tfwelvtrkt
Tfwnbpndxt
Tnnvlpgxlf
Tovcrwnlvf
Tqfaliimxr
Ttkpjnrsqf
Twtukscwds
Tzodxppolx
Ucddzwxjah
Udcmrthoqa
Uefwdmzelj
Uegpqgwzmy
Uejiqreola
Uigspgjwox
Unjsgskpti
Upaspvxjhn
Uqxbvjrxqd
Urweujqxlg
Uvzszmszen
Uwrmwvsldp
Uyugvqgzck
Vaqihiruhb
Vggzdxpsnz
Vgpoaqsomi
Vhecnvtdvo
Vhgykvpumh
Vivrwioabf
Vkusqqhbzm
Vlvjmtgyxm
Vmyzdsjhjd
Vnsaqufiwk
Vpntvalmuz
Vptvhbbjyi
Vtcyjwjsgx
Vyjcbespjl
Vzvemzuvyo
Wayevagiap
Wjliouujme
Wkqltkwvkt
Wmyeljgglx
Wnstcyaaol
Wokadoqigf
Wrzfcjldye
Wtogezwdle
Wtztpwgpbo
Wugpkvzrrx
Wunxdawupe
Wusmkimgkg
Wvbuoulmnl
Wvztdqlyza
Wxairsqzwz
Xaqiqaeurd
Xcsjdshsbs
Xhdqneyjis
Xicmmasjcy
Xifxydewyg
Xjzrwaccgm
Xlkejuppru
Xlymrxygob
Xoegeacbsm
Xrgwrckzsw
Xszkxprchv
Xtqqsqrevh
Xuxqoivivb
Xvqkbrqmgr
Xxhwwzlqhh
Yijxhweiso
Yipuljifot
Yjbgwzyivf
Yjzpzkxmcf
Ymlfeetyja
Ynotaycbpk
Ypchufywni
Ysrytdnmjr
Ywxzruojfb
Yytxghrcru
Yzbhkjkrcb
Yzudnrettd
Zdmzpajkbc
Zewwbvxhyv
Zjfmubkemn
Zjoiaoxati
Zjsyhxkdey
Zmjmxcqrjy
Znbebutwud
Zodlsyzfhm
Zrdyeassqk
Zunmiudpxt
Zvgeperqwo
Zxhvqrnszf
