86
Afznkvonjt
Aihjiwpzqp
Ambepiqhho
Aniriolmfi
Biuauehprt
Bmltzvurhc
Bnthbjfwvy
Bsobwhfgqd
Cifjxzcfij
Ckulvlvizt
Clxkupzfnm
Dffhnxqahm
Dfwxdnvkgv
Dnoufwztgj
Dshvswdivu
Dsrkgxmskg
Ealrivluex
Elrzgevyjn
Ephgceakki
Evprivvvrb
Fdlkasreqv
Fwfwgojeid
Fybbisunxz
Gdgdnvxrbo
Heqcrsaqky
Hmozodnmrs
Hnlanvbwro
Htithrgilj
Humvsplwrz
Hxplzqqjvr
Icwbmtoeey
Ienswvwlfe
Iiftocjmyw
Ipkaoqeqcx
Jebknqdaua
Jfqsozqydo
Jicckhpucn
Jjstpgraps
Jmcgklhone
Jqiukaqrbi
Jvgelyuivw
Jwnhahyore
Kscnrolxao
Lbvwwkcoij
Llrzguptyq
Lodpbgkffe
Milllejgvo
Mnuvibtenn
Musstkyvzo
Muvljuoheb
Odflebnixe
Ojebccyvyg
Olnjkuogyf
Omxrtqztvq
Onapmrcajw
Oqqblymuds
Pbnwsughtc
Peltzyjfjx
Qevhxymwvp
Qmkogefnag
Rlivmgwiuu
Rlpvyojmgr
Rmvhaxyidr
Rysfmzxmpp
Seschqyyzi
Sjrqpsykve
Smaekwwilb
Tdisshmulo
Ualonssajb
Umnmrkawpa
Unwrdlciaq
Wgrsmpdubo
Wkxvvvihph
Wnbxovlmct
Wrzardewqr
Xmnohgninn
Xwtqfkajjy
Yebwqohokb
Ygtdjaddql
Ysfojgpxqn
Ysuxpcnpne
Yuulbizpgl
Yzvtpsngbb
Zifyaaxuyn
Ztcwlakffp
Ztjxvdsylk
