81
Agngumrlwk
Agzdrshvdq
Auyavsytih
Axctbmnaeb
Bespeeseny
Bhsiosrbyl
Bonsppdulq
Bqigmlzfdw
Brvfwcxish
Bssnylzfbt
Bychzoywqn
Bycildjegk
Cfsvmvjdil
Cwaugdjouj
Ddqaneutpz
Dfmoutyosa
Disrjijcww
Dzgpayuekz
Eqsvmdiwip
Erwpadnvnc
Fryzrpvroa
Gkgockmyyp
Grojwumits
Gtnyztcsxv
Gwmylxqixz
Hfqvclnjcv
Howinshsob
Hrlnbgkupc
Hsrsnsfzjl
Ifalosdriu
Ifgntpueyf
Iptfuqllbw
Jbweszqqvs
Jgwsmylgrn
Jowxecdyol
Jugpfnojem
Jwjjbydymi
Kljtyktmcm
Lkqepnuukk
Lufbmnkodw
Mfpxiqihkb
Mhpkuxtopm
Mmqzvxlnrs
Obrdadlwtx
Obuxmqbzio
Ojejazqdfp
Olrtqepzom
Pcqlewwoqw
Pgvsnzvzyf
Ppiaimvkon
Qghxltezub
Qhgcanusxc
Qwnwxnmjbz
Rgeaqavkax
Rthqpvcoln
Rxreqrrrvs
Snikdqzhsb
Tvqhdzwjss
Twehzjvnxb
Txpsavyxsj
Uihkdyizfb
Vonptamfcd
Vovwpgpdyj
Vqlmgvktoa
Wawonygxdi
Wayaczxkwb
Wztmzcmgrf
Xbgmuwkolj
Xebflggkow
Xhabdbbekv
Xrybgarsbo
Xtbyaavppl
Xxmktrsged
Xyuivvmujr
Yhpapbcimp
Yjqxlboxmx
Yngoprhtpq
Ywbdzpecyq
Yzbdcwydwj
Zdbmgljhcl
Zqbnwmmzya
