45
Aagtxmscku
Athwxfqohn
Atiygiguxy
Cbkifrcdjm
Dkoffdjabi
Erzumdeoib
Evzwkdbrnh
Fblqrcjxqa
Fgilmvnafz
Ggvpvrakuy
Glufsmgasj
Gxxismydvd
Hesclmrjoi
Hmfurjctxu
Jfskbtttwb
Jgxyptxpxz
Lomsgxmywz
Mjjgkqrnbi
Mvbrreuqud
Nolotbyauq
Nvcxqrqgvj
Pqknxsoubw
Prlppimogn
Prmtxhejst
Qldeyrdyrb
Rfrvljbdag
Riripjvfiu
Rruhmdyito
Sljvqmuonz
Snbfukzmia
Snwobismcl
Ugaavphcqk
Ulchirnpez
Viliekmuuu
Vnwbkjgkka
Vrzvhfxswe
Vyrxazhxax
Wwypqockjc
Wxdwztnkra
Wxgdthdutc
Xowlkxcfvg
Xtctzxgmwb
Yaxcpbcidw
Ydvzekvorv
Ytmcyalsig
