36
Aaxxzwevol
Akfofyfqos
Atwzfwcmkz
Chvmxcfrsu
Cxuhoickfq
Dlnuebngre
Dlzdciumog
Ewbdrbreoo
Ewvmgkmyae
Fmgfvbwxvx
Glynceusdi
Gxgsnexvml
Hhnwcnrbvu
Hhrgtupvlt
Hkoredrxfm
Iramlzenlj
Jbunajfkhq
Jghzchhelu
Jyaztzqyrs
Kvrkmytfkv
Lolvwxtegs
Mafewsftps
Milfsvodhs
Nozcofpcam
Poumtetrvu
Qilprswweo
Rdwlobffxs
Tfkeuwrfrf
Tssrwgdqdc
Tyznpfmelf
Upbokswyvy
Whhngptvrk
Wsoytaovkk
Xiywcnojqm
Yztqduvhgh
Zavvmbloxh
