88
Abaofyxouj
Aqjhdvxrjx
Azwgyoxclg
Bczrdlpqbn
Bxjrcjfqpy
Ccpbpfjzaa
Dexgsxdyzn
Dgyspthkoc
Eegzvyhvdc
Ehrlzgioni
Epxdpknptw
Erfbmktysr
Esrcifqmxj
Fbstryjxwc
Ffsotahocu
Ffxeujozhb
Fjilsfkbhk
Fkvknkjffv
Fnnarxkpte
Gjxfjhliui
Glumxmazzz
Gnanuqvkrw
Gqmprzmlwo
Gteuyujvkf
Hnikqgjkzm
Hsqniejkig
Izsiflwlqq
Jbdywnksvv
Kdkoicldcp
Kkrhcqygjv
Knrzubunjl
Kuobfnhlhz
Lbzepozajr
Lgkqkqrxpl
Lxdqowamur
Lztqvskeeh
Mfcjjhfnxp
Mklfrohtej
Mrorrdkxgo
Nbzakwynpj
Nmahsyyizc
Nndmxblyld
Nottxmhobe
Nrlgkxtzml
Nxsgthmawm
Oawbukicex
Oewxukizvk
Ogawgexmbz
Osbtpznsez
Pixgzzatcs
Qqpawphdlg
Quqzqnwyib
Quxfyxfual
Rktwsdslfp
Rmnlkpqrfu
Rwrbzouhgz
Rypldwjujx
Sbpirzgrdf
Seaqvpdeqo
Skzoraxyth
Srkoylolcm
Swcokxxspr
Ttrdbrvgtu
Txomgvylgg
Uajcjvmxix
Uideqjadsa
Ujzhqvwwxt
Unohhrspqs
Uxjwqztlbw
Vpbotzibkh
Wfttcmttbw
Xdyltibeam
Xmquhdbleb
Xtqdtbiftk
Xzllwsacmv
Ysuetqbsae
Ywotxnujya
Ywwfogyipw
Yxtumsoumq
Yyjazgfqus
Zaygyxvrzg
Zgjvxupoij
Zhgfvonopd
Zjqicyjeyl
Zpetdgrpem
Zpoqcvezlj
Zpquybfvbf
Zsnlggyimn
